# hello.py
def greet(name):
    print(f"Hello, {name}!")

class Greeter:
    def __init__(self, name):
        print(f'Hello {name}')

    def greet(self):
        print("Greeter says hi!")

