# hello.py
def greet(name):
    print(f"Hello, {name}!")


class Greeter:
    def __init__(self, name):
        print(f'Hello {name}')


# >>> Inserted at EOF
if __name__ == "__main__":
    greet("World")
