# hello.py
def greet(name):
    print(f"Hello, {name}!")


# >>> Inserted after the greet() function
greet = wrap_with_logging(greet)


class Greeter:
    def __init__(self, name):
        print(f'Hello {name}')
