# hello.py
def greet(name):
    print(f"Hello, {name}!")
def farewell(name):
    print(f"See you later, {name}!)  # new behavior

def farewell(name):
    print(f"Goodbye, {name}!")
