# hello.py
def greet(name):
    print(f"Hello, {name}!")

class Greeter:
    def __init__(self, name):
        print(f'Hello {name}')

class Fareweller:
    def say_bye(self, name):
        print(f"Byeâ€‘bye, {name}!")
