# hello.py
def greet(name):
    print(f"Hello, {name}!)  # notice missing paren?

class Greeter:
    def __init__(self, name):
        print(f'Hello {name}')
