# hello.py
def greet(name):
    print(f"Hello, {name}!")


def farewell(name):
    print(f"So long, and thanks for all the fish, {name}!")
