import numpy as np
import matplotlib.pyplot as plt

print("new_file.py created and imports added.")
