# hello.py
class Greeter:
    def __init__(self, name):
        print(f"Hello, {name}!")

    def greet(self):
        print("Greeter 2.0 at your service!")

